// Jest Snapshot v1, https://goo.gl/fbAQLP

exports[`Links renders properly 1`] = `
ShallowWrapper {
  Symbol(enzyme.__root__): [Circular],
  Symbol(enzyme.__unrendered__): <Links
    wikiImg=""
    wiki_url=""
    youtubeImg=""
    youtube_url=""
  />,
  Symbol(enzyme.__renderer__): Object {
    "batchedUpdates": [Function],
    "getNode": [Function],
    "render": [Function],
    "simulateError": [Function],
    "simulateEvent": [Function],
    "unmount": [Function],
  },
  Symbol(enzyme.__node__): Object {
    "instance": null,
    "key": undefined,
    "nodeType": "host",
    "props": Object {
      "children": Array [
        <div>
          <a
            href=""
            rel="noopener noreferrer"
            target="_blank"
          >
            <img
              alt="youtube icon"
              className="float_left"
              src=""
            />
            <span
              className="youtube"
            >
              YouTube Video
            </span>
          </a>
        </div>,
        <div>
          <a
            href=""
            rel="noopener noreferrer"
            target="_blank"
          >
            <img
              alt="wiki icon"
              className="float_left"
              src=""
            />
            <span
              className="wiki"
            >
              Wikipedia Page
            </span>
          </a>
        </div>,
      ],
      "className": "links",
    },
    "ref": null,
    "rendered": Array [
      Object {
        "instance": null,
        "key": undefined,
        "nodeType": "host",
        "props": Object {
          "children": <a
            href=""
            rel="noopener noreferrer"
            target="_blank"
          >
            <img
              alt="youtube icon"
              className="float_left"
              src=""
            />
            <span
              className="youtube"
            >
              YouTube Video
            </span>
          </a>,
        },
        "ref": null,
        "rendered": Object {
          "instance": null,
          "key": undefined,
          "nodeType": "host",
          "props": Object {
            "children": Array [
              <img
                alt="youtube icon"
                className="float_left"
                src=""
              />,
              <span
                className="youtube"
              >
                YouTube Video
              </span>,
            ],
            "href": "",
            "rel": "noopener noreferrer",
            "target": "_blank",
          },
          "ref": null,
          "rendered": Array [
            Object {
              "instance": null,
              "key": undefined,
              "nodeType": "host",
              "props": Object {
                "alt": "youtube icon",
                "className": "float_left",
                "src": "",
              },
              "ref": null,
              "rendered": null,
              "type": "img",
            },
            Object {
              "instance": null,
              "key": undefined,
              "nodeType": "host",
              "props": Object {
                "children": "YouTube Video",
                "className": "youtube",
              },
              "ref": null,
              "rendered": "YouTube Video",
              "type": "span",
            },
          ],
          "type": "a",
        },
        "type": "div",
      },
      Object {
        "instance": null,
        "key": undefined,
        "nodeType": "host",
        "props": Object {
          "children": <a
            href=""
            rel="noopener noreferrer"
            target="_blank"
          >
            <img
              alt="wiki icon"
              className="float_left"
              src=""
            />
            <span
              className="wiki"
            >
              Wikipedia Page
            </span>
          </a>,
        },
        "ref": null,
        "rendered": Object {
          "instance": null,
          "key": undefined,
          "nodeType": "host",
          "props": Object {
            "children": Array [
              <img
                alt="wiki icon"
                className="float_left"
                src=""
              />,
              <span
                className="wiki"
              >
                Wikipedia Page
              </span>,
            ],
            "href": "",
            "rel": "noopener noreferrer",
            "target": "_blank",
          },
          "ref": null,
          "rendered": Array [
            Object {
              "instance": null,
              "key": undefined,
              "nodeType": "host",
              "props": Object {
                "alt": "wiki icon",
                "className": "float_left",
                "src": "",
              },
              "ref": null,
              "rendered": null,
              "type": "img",
            },
            Object {
              "instance": null,
              "key": undefined,
              "nodeType": "host",
              "props": Object {
                "children": "Wikipedia Page",
                "className": "wiki",
              },
              "ref": null,
              "rendered": "Wikipedia Page",
              "type": "span",
            },
          ],
          "type": "a",
        },
        "type": "div",
      },
    ],
    "type": "div",
  },
  Symbol(enzyme.__nodes__): Array [
    Object {
      "instance": null,
      "key": undefined,
      "nodeType": "host",
      "props": Object {
        "children": Array [
          <div>
            <a
              href=""
              rel="noopener noreferrer"
              target="_blank"
            >
              <img
                alt="youtube icon"
                className="float_left"
                src=""
              />
              <span
                className="youtube"
              >
                YouTube Video
              </span>
            </a>
          </div>,
          <div>
            <a
              href=""
              rel="noopener noreferrer"
              target="_blank"
            >
              <img
                alt="wiki icon"
                className="float_left"
                src=""
              />
              <span
                className="wiki"
              >
                Wikipedia Page
              </span>
            </a>
          </div>,
        ],
        "className": "links",
      },
      "ref": null,
      "rendered": Array [
        Object {
          "instance": null,
          "key": undefined,
          "nodeType": "host",
          "props": Object {
            "children": <a
              href=""
              rel="noopener noreferrer"
              target="_blank"
            >
              <img
                alt="youtube icon"
                className="float_left"
                src=""
              />
              <span
                className="youtube"
              >
                YouTube Video
              </span>
            </a>,
          },
          "ref": null,
          "rendered": Object {
            "instance": null,
            "key": undefined,
            "nodeType": "host",
            "props": Object {
              "children": Array [
                <img
                  alt="youtube icon"
                  className="float_left"
                  src=""
                />,
                <span
                  className="youtube"
                >
                  YouTube Video
                </span>,
              ],
              "href": "",
              "rel": "noopener noreferrer",
              "target": "_blank",
            },
            "ref": null,
            "rendered": Array [
              Object {
                "instance": null,
                "key": undefined,
                "nodeType": "host",
                "props": Object {
                  "alt": "youtube icon",
                  "className": "float_left",
                  "src": "",
                },
                "ref": null,
                "rendered": null,
                "type": "img",
              },
              Object {
                "instance": null,
                "key": undefined,
                "nodeType": "host",
                "props": Object {
                  "children": "YouTube Video",
                  "className": "youtube",
                },
                "ref": null,
                "rendered": "YouTube Video",
                "type": "span",
              },
            ],
            "type": "a",
          },
          "type": "div",
        },
        Object {
          "instance": null,
          "key": undefined,
          "nodeType": "host",
          "props": Object {
            "children": <a
              href=""
              rel="noopener noreferrer"
              target="_blank"
            >
              <img
                alt="wiki icon"
                className="float_left"
                src=""
              />
              <span
                className="wiki"
              >
                Wikipedia Page
              </span>
            </a>,
          },
          "ref": null,
          "rendered": Object {
            "instance": null,
            "key": undefined,
            "nodeType": "host",
            "props": Object {
              "children": Array [
                <img
                  alt="wiki icon"
                  className="float_left"
                  src=""
                />,
                <span
                  className="wiki"
                >
                  Wikipedia Page
                </span>,
              ],
              "href": "",
              "rel": "noopener noreferrer",
              "target": "_blank",
            },
            "ref": null,
            "rendered": Array [
              Object {
                "instance": null,
                "key": undefined,
                "nodeType": "host",
                "props": Object {
                  "alt": "wiki icon",
                  "className": "float_left",
                  "src": "",
                },
                "ref": null,
                "rendered": null,
                "type": "img",
              },
              Object {
                "instance": null,
                "key": undefined,
                "nodeType": "host",
                "props": Object {
                  "children": "Wikipedia Page",
                  "className": "wiki",
                },
                "ref": null,
                "rendered": "Wikipedia Page",
                "type": "span",
              },
            ],
            "type": "a",
          },
          "type": "div",
        },
      ],
      "type": "div",
    },
  ],
  Symbol(enzyme.__options__): Object {
    "adapter": ReactSixteenAdapter {
      "options": Object {
        "enableComponentDidUpdateOnSetState": true,
        "lifecycles": Object {
          "componentDidUpdate": Object {
            "onSetState": true,
          },
          "getDerivedStateFromProps": true,
          "getSnapshotBeforeUpdate": true,
          "setState": Object {
            "skipsComponentDidUpdateOnNullish": true,
          },
        },
      },
    },
  },
}
`;
