// Jest Snapshot v1, https://goo.gl/fbAQLP

exports[`Header renders properly 1`] = `
ShallowWrapper {
  Symbol(enzyme.__root__): [Circular],
  Symbol(enzyme.__unrendered__): <Header />,
  Symbol(enzyme.__renderer__): Object {
    "batchedUpdates": [Function],
    "getNode": [Function],
    "render": [Function],
    "simulateError": [Function],
    "simulateEvent": [Function],
    "unmount": [Function],
  },
  Symbol(enzyme.__node__): Object {
    "instance": null,
    "key": undefined,
    "nodeType": "host",
    "props": Object {
      "children": <Link
        replace={false}
        to="/"
      >
        <div
          className="flex_wrapper"
        >
          <h1
            className="name"
          >
            SpaceX - API
          </h1>
          <img
            alt="mars rover"
            className="header_img"
            src="mars-rover.svg"
          />
        </div>
      </Link>,
    },
    "ref": null,
    "rendered": Object {
      "instance": null,
      "key": undefined,
      "nodeType": "class",
      "props": Object {
        "children": <div
          className="flex_wrapper"
        >
          <h1
            className="name"
          >
            SpaceX - API
          </h1>
          <img
            alt="mars rover"
            className="header_img"
            src="mars-rover.svg"
          />
        </div>,
        "replace": false,
        "to": "/",
      },
      "ref": null,
      "rendered": Object {
        "instance": null,
        "key": undefined,
        "nodeType": "host",
        "props": Object {
          "children": Array [
            <h1
              className="name"
            >
              SpaceX - API
            </h1>,
            <img
              alt="mars rover"
              className="header_img"
              src="mars-rover.svg"
            />,
          ],
          "className": "flex_wrapper",
        },
        "ref": null,
        "rendered": Array [
          Object {
            "instance": null,
            "key": undefined,
            "nodeType": "host",
            "props": Object {
              "children": "SpaceX - API",
              "className": "name",
            },
            "ref": null,
            "rendered": "SpaceX - API",
            "type": "h1",
          },
          Object {
            "instance": null,
            "key": undefined,
            "nodeType": "host",
            "props": Object {
              "alt": "mars rover",
              "className": "header_img",
              "src": "mars-rover.svg",
            },
            "ref": null,
            "rendered": null,
            "type": "img",
          },
        ],
        "type": "div",
      },
      "type": [Function],
    },
    "type": "header",
  },
  Symbol(enzyme.__nodes__): Array [
    Object {
      "instance": null,
      "key": undefined,
      "nodeType": "host",
      "props": Object {
        "children": <Link
          replace={false}
          to="/"
        >
          <div
            className="flex_wrapper"
          >
            <h1
              className="name"
            >
              SpaceX - API
            </h1>
            <img
              alt="mars rover"
              className="header_img"
              src="mars-rover.svg"
            />
          </div>
        </Link>,
      },
      "ref": null,
      "rendered": Object {
        "instance": null,
        "key": undefined,
        "nodeType": "class",
        "props": Object {
          "children": <div
            className="flex_wrapper"
          >
            <h1
              className="name"
            >
              SpaceX - API
            </h1>
            <img
              alt="mars rover"
              className="header_img"
              src="mars-rover.svg"
            />
          </div>,
          "replace": false,
          "to": "/",
        },
        "ref": null,
        "rendered": Object {
          "instance": null,
          "key": undefined,
          "nodeType": "host",
          "props": Object {
            "children": Array [
              <h1
                className="name"
              >
                SpaceX - API
              </h1>,
              <img
                alt="mars rover"
                className="header_img"
                src="mars-rover.svg"
              />,
            ],
            "className": "flex_wrapper",
          },
          "ref": null,
          "rendered": Array [
            Object {
              "instance": null,
              "key": undefined,
              "nodeType": "host",
              "props": Object {
                "children": "SpaceX - API",
                "className": "name",
              },
              "ref": null,
              "rendered": "SpaceX - API",
              "type": "h1",
            },
            Object {
              "instance": null,
              "key": undefined,
              "nodeType": "host",
              "props": Object {
                "alt": "mars rover",
                "className": "header_img",
                "src": "mars-rover.svg",
              },
              "ref": null,
              "rendered": null,
              "type": "img",
            },
          ],
          "type": "div",
        },
        "type": [Function],
      },
      "type": "header",
    },
  ],
  Symbol(enzyme.__options__): Object {
    "adapter": ReactSixteenAdapter {
      "options": Object {
        "enableComponentDidUpdateOnSetState": true,
        "lifecycles": Object {
          "componentDidUpdate": Object {
            "onSetState": true,
          },
          "getDerivedStateFromProps": true,
          "getSnapshotBeforeUpdate": true,
          "setState": Object {
            "skipsComponentDidUpdateOnNullish": true,
          },
        },
      },
    },
  },
}
`;
